// Jest Snapshot v1, https://goo.gl/fbAQLP

exports[`MainSearch unit test it should render without crashing 1`] = `ShallowWrapper {}`;
